
> frontend@0.0.0 build
> vite build

[36mvite v5.4.21 [32mbuilding for production...[36m[39m
transforming...
[32m✓[39m 3115 modules transformed.
rendering chunks...
computing gzip size...
[2mdist/[22m[32mindex.html                 [39m[1m[2m    0.46 kB[22m[1m[22m[2m │ gzip:   0.29 kB[22m
[2mdist/[22m[35massets/index-C-G_89E5.css  [39m[1m[2m   11.28 kB[22m[1m[22m[2m │ gzip:   2.76 kB[22m
[2mdist/[22m[36massets/index-DU9nOCs9.js   [39m[1m[33m2,256.55 kB[39m[22m[2m │ gzip: 808.71 kB[22m
[33m
(!) Some chunks are larger than 500 kB after minification. Consider:
- Using dynamic import() to code-split the application
- Use build.rollupOptions.output.manualChunks to improve chunking: https://rollupjs.org/configuration-options/#output-manualchunks
- Adjust chunk size limit for this warning via build.chunkSizeWarningLimit.[39m
[32m✓ built in 7.60s[39m
